Python location:
/users/rmb20171/miniconda3/envs/chemprop15/bin/python
Python 3.10.20
Environment:
chemprop15
Loading and preprocessing datasets...
Removing columns:
['Chrom_Ipc']
['Chrom_Ipc']
Initialising metric lists and model ...

Fold 0
Training...
Predicting...
Calculating metrics...
Analysing feature importance...

Fold 1
Training...
Predicting...
Calculating metrics...
Analysing feature importance...

Fold 2
Training...
Predicting...
Calculating metrics...
Analysing feature importance...

Fold 3
Training...
Predicting...
Calculating metrics...
Analysing feature importance...

Fold 4
Training...
Predicting...
Calculating metrics...
Analysing feature importance...

Fold 5
Training...
Predicting...
Calculating metrics...
Analysing feature importance...

Fold 6
Training...
Predicting...
Calculating metrics...
Analysing feature importance...

Fold 7
Training...
Predicting...
Calculating metrics...
Analysing feature importance...

Fold 8
Training...
Predicting...
Calculating metrics...
Analysing feature importance...

Fold 9
Training...
Predicting...
Calculating metrics...
Analysing feature importance...
                    Task  Mean rmse  ...  Fold 8 mae  Fold 9 mae
0    Absorption max (nm)  25.955973  ...   17.545539   15.440144
1  log(e/mol-1 dm3 cm-1)   0.266505  ...    0.187069    0.178417

[2 rows x 25 columns]
Generating averaged XGBoost model predictions...
      Absorption max (nm)  ...  Predicted log(e/mol-1 dm3 cm-1)
0                   294.0  ...                         3.807021
1                   294.0  ...                         3.795602
2                   295.0  ...                         3.861104
3                   294.0  ...                         4.152037
4                   315.0  ...                         3.853284
...                   ...  ...                              ...
2051                526.0  ...                         4.569129
2052                468.0  ...                         4.606432
2053                588.0  ...                         4.556333
2054                373.0  ...                         4.181203
2055                495.0  ...                         4.239339

[2056 rows x 4 columns]
Calculating ensemble metrics...
Generating average XGBoost model metrics summary...
                       Metric       Mean  Standard deviation
0    Absorption max (nm) RMSE  41.902114            0.428868
1  log(e/mol-1 dm3 cm-1) RMSE   0.355880            0.006361
2     Absorption max (nm) MAE  29.992242            0.336797
3   log(e/mol-1 dm3 cm-1) MAE   0.250321            0.003694
Analysing average feature importance for each target...
Finished
