Python location:
/users/rmb20171/miniconda3/envs/chemprop15/bin/python
Python 3.10.20
Environment:
chemprop15
Loading and preprocessing datasets...
Removing columns:
['Chrom_Ipc']
['Chrom_Ipc']
Initialising metric lists and model ...

Fold 0
Training...
Predicting...
Calculating metrics...
Analysing feature importance...

Fold 1
Training...
Predicting...
Calculating metrics...
Analysing feature importance...

Fold 2
Training...
Predicting...
Calculating metrics...
Analysing feature importance...

Fold 3
Training...
Predicting...
Calculating metrics...
Analysing feature importance...

Fold 4
Training...
Predicting...
Calculating metrics...
Analysing feature importance...

Fold 5
Training...
Predicting...
Calculating metrics...
Analysing feature importance...

Fold 6
Training...
Predicting...
Calculating metrics...
Analysing feature importance...

Fold 7
Training...
Predicting...
Calculating metrics...
Analysing feature importance...

Fold 8
Training...
Predicting...
Calculating metrics...
Analysing feature importance...

Fold 9
Training...
Predicting...
Calculating metrics...
Analysing feature importance...
                    Task  Mean rmse  ...  Fold 8 mae  Fold 9 mae
0    Absorption max (nm)  25.580716  ...   14.977116   13.453316
1  log(e/mol-1 dm3 cm-1)   0.239482  ...    0.149147    0.144739

[2 rows x 25 columns]
Generating averaged RF model predictions...
      Absorption max (nm)  ...  Predicted log(e/mol-1 dm3 cm-1)
0                   294.0  ...                         3.823171
1                   294.0  ...                         3.819888
2                   295.0  ...                         3.899820
3                   294.0  ...                         4.092328
4                   315.0  ...                         3.836350
...                   ...  ...                              ...
2051                526.0  ...                         4.695559
2052                468.0  ...                         4.500380
2053                588.0  ...                         4.491158
2054                373.0  ...                         4.203932
2055                495.0  ...                         4.215685

[2056 rows x 4 columns]
Calculating ensemble metrics...
Generating average RF model metrics summary...
                       Metric       Mean  Standard deviation
0    Absorption max (nm) RMSE  40.821575            0.101648
1  log(e/mol-1 dm3 cm-1) RMSE   0.340200            0.001057
2     Absorption max (nm) MAE  29.206678            0.092226
3   log(e/mol-1 dm3 cm-1) MAE   0.235758            0.000382
Analysing average feature importance for each target...
Finished
