Python location:
/users/rmb20171/miniconda3/envs/newchemprop/bin/python
Python 3.14.6
Chemprop location:
/users/rmb20171/miniconda3/envs/newchemprop/bin/chemprop
chemprop 2.3.1
2026-08-10T16:06:05 - INFO:chemprop.cli.main - Running in mode 'predict' with args: {'smiles_columns': ['Chromophore', 'Solvent'], 'reaction_columns': None, 'no_header_row': False, 'num_workers': 16, 'batch_size': 64, 'accelerator': 'auto', 'devices': 'auto', 'rxn_mode': 'REAC_DIFF', 'multi_hot_atom_featurizer_mode': 'V2', 'keep_h': False, 'add_h': False, 'ignore_stereo': False, 'reorder_atoms': False, 'molecule_featurizers': None, 'descriptors_path': None, 'descriptors_columns': None, 'no_descriptor_scaling': False, 'no_atom_feature_scaling': False, 'no_atom_descriptor_scaling': False, 'no_bond_feature_scaling': False, 'no_bond_descriptor_scaling': False, 'atom_features_path': None, 'atom_descriptors_path': None, 'bond_features_path': None, 'bond_descriptors_path': None, 'constraints_path': None, 'constraints_to_targets': None, 'use_cuikmolmaker_featurization': False, 'test_path': PosixPath('d4c_test.csv'), 'output': PosixPath('ensemble_preds.csv'), 'drop_extra_columns': False, 'model_paths': [PosixPath('/users/rmb20171/Deep4Chem/results/chemprop_modern/modern_d4c_training/replicate_0/model_0/best.pt'), PosixPath('/users/rmb20171/Deep4Chem/results/chemprop_modern/modern_d4c_training/replicate_1/model_0/best.pt'), PosixPath('/users/rmb20171/Deep4Chem/results/chemprop_modern/modern_d4c_training/replicate_2/model_0/best.pt'), PosixPath('/users/rmb20171/Deep4Chem/results/chemprop_modern/modern_d4c_training/replicate_3/model_0/best.pt'), PosixPath('/users/rmb20171/Deep4Chem/results/chemprop_modern/modern_d4c_training/replicate_4/model_0/best.pt'), PosixPath('/users/rmb20171/Deep4Chem/results/chemprop_modern/modern_d4c_training/replicate_5/model_0/best.pt'), PosixPath('/users/rmb20171/Deep4Chem/results/chemprop_modern/modern_d4c_training/replicate_6/model_0/best.pt'), PosixPath('/users/rmb20171/Deep4Chem/results/chemprop_modern/modern_d4c_training/replicate_7/model_0/best.pt'), PosixPath('/users/rmb20171/Deep4Chem/results/chemprop_modern/modern_d4c_training/replicate_8/model_0/best.pt'), PosixPath('/users/rmb20171/Deep4Chem/results/chemprop_modern/modern_d4c_training/replicate_9/model_0/best.pt')], 'callback': None, 'callback_params': {}, 'cal_path': None, 'uncertainty_method': 'none', 'calibration_method': None, 'evaluation_methods': None, 'uncertainty_dropout_p': 0.1, 'dropout_sampling_size': 10, 'calibration_interval_percentile': 95, 'conformal_alpha': 0.1, 'cal_descriptors_path': None, 'cal_atom_features_path': None, 'cal_atom_descriptors_path': None, 'cal_bond_features_path': None, 'cal_bond_descriptors_path': None, 'cal_constraints_path': None}
/users/rmb20171/miniconda3/envs/newchemprop/lib/python3.14/site-packages/torch/cuda/__init__.py:1112: UserWarning: Can't initialize NVML
  raw_cnt = _raw_device_count_nvml()
2026-08-10T16:06:13 - INFO:chemprop.cli.predict - test size: 2059
/users/rmb20171/miniconda3/envs/newchemprop/lib/python3.14/site-packages/torch/cuda/__init__.py:1112: UserWarning: Can't initialize NVML
  raw_cnt = _raw_device_count_nvml()
GPU available: False, used: False
TPU available: False, using: 0 TPU cores
💡 Tip: For seamless cloud logging and experiment tracking, try installing [litlogger](https://pypi.org/project/litlogger/) to enable LitLogger, which logs metrics and artifacts automatically to the Lightning Experiments platform.
💡 Tip: For seamless cloud uploads and versioning, try installing [litmodels](https://pypi.org/project/litmodels/) to enable LitModelCheckpoint, which syncs automatically with the Lightning model registry.
SLURM auto-requeueing enabled. Setting signal handlers.
/users/rmb20171/miniconda3/envs/newchemprop/lib/python3.14/site-packages/lightning/pytorch/utilities/_pytree.py:21: `isinstance(treespec, LeafSpec)` is deprecated, use `isinstance(treespec, TreeSpec) and treespec.is_leaf()` instead.
Predicting ━━━━━━━━━━━━━━━━━━━━━━━━━━━━━━━━━━ 33/33 0:00:04 • 0:00:00 7.35it/s 
SLURM auto-requeueing enabled. Setting signal handlers.
Predicting ━━━━━━━━━━━━━━━━━━━━━━━━━━━━━━━━━━ 33/33 0:00:04 • 0:00:00 7.63it/s 
SLURM auto-requeueing enabled. Setting signal handlers.
Predicting ━━━━━━━━━━━━━━━━━━━━━━━━━━━━━━━━━━ 33/33 0:00:04 • 0:00:00 7.60it/s 
SLURM auto-requeueing enabled. Setting signal handlers.
Predicting ━━━━━━━━━━━━━━━━━━━━━━━━━━━━━━━━━━ 33/33 0:00:04 • 0:00:00 7.41it/s 
SLURM auto-requeueing enabled. Setting signal handlers.
Predicting ━━━━━━━━━━━━━━━━━━━━━━━━━━━━━━━━━━ 33/33 0:00:04 • 0:00:00 7.33it/s 
SLURM auto-requeueing enabled. Setting signal handlers.
Predicting ━━━━━━━━━━━━━━━━━━━━━━━━━━━━━━━━━━ 33/33 0:00:04 • 0:00:00 7.64it/s 
SLURM auto-requeueing enabled. Setting signal handlers.
Predicting ━━━━━━━━━━━━━━━━━━━━━━━━━━━━━━━━━━ 33/33 0:00:04 • 0:00:00 7.66it/s 
SLURM auto-requeueing enabled. Setting signal handlers.
Predicting ━━━━━━━━━━━━━━━━━━━━━━━━━━━━━━━━━━ 33/33 0:00:04 • 0:00:00 7.57it/s 
SLURM auto-requeueing enabled. Setting signal handlers.
Predicting ━━━━━━━━━━━━━━━━━━━━━━━━━━━━━━━━━━ 33/33 0:00:04 • 0:00:00 7.61it/s 
SLURM auto-requeueing enabled. Setting signal handlers.
Predicting ━━━━━━━━━━━━━━━━━━━━━━━━━━━━━━━━━━ 33/33 0:00:04 • 0:00:00 7.61it/s 
2026-08-10T16:08:01 - INFO:chemprop.cli.predict - Predictions saved to 'ensemble_preds.csv'
2026-08-10T16:08:01 - INFO:chemprop.cli.predict - Individual predictions saved to 'ensemble_preds_individual.csv'
2026-08-10T16:08:01 - INFO:chemprop.cli.predict - Results from model path /users/rmb20171/Deep4Chem/results/chemprop_modern/modern_d4c_training/replicate_0/model_0/best.pt are saved under the column name ending with 'model_0'
2026-08-10T16:08:01 - INFO:chemprop.cli.predict - Results from model path /users/rmb20171/Deep4Chem/results/chemprop_modern/modern_d4c_training/replicate_1/model_0/best.pt are saved under the column name ending with 'model_1'
2026-08-10T16:08:01 - INFO:chemprop.cli.predict - Results from model path /users/rmb20171/Deep4Chem/results/chemprop_modern/modern_d4c_training/replicate_2/model_0/best.pt are saved under the column name ending with 'model_2'
2026-08-10T16:08:01 - INFO:chemprop.cli.predict - Results from model path /users/rmb20171/Deep4Chem/results/chemprop_modern/modern_d4c_training/replicate_3/model_0/best.pt are saved under the column name ending with 'model_3'
2026-08-10T16:08:01 - INFO:chemprop.cli.predict - Results from model path /users/rmb20171/Deep4Chem/results/chemprop_modern/modern_d4c_training/replicate_4/model_0/best.pt are saved under the column name ending with 'model_4'
2026-08-10T16:08:01 - INFO:chemprop.cli.predict - Results from model path /users/rmb20171/Deep4Chem/results/chemprop_modern/modern_d4c_training/replicate_5/model_0/best.pt are saved under the column name ending with 'model_5'
2026-08-10T16:08:01 - INFO:chemprop.cli.predict - Results from model path /users/rmb20171/Deep4Chem/results/chemprop_modern/modern_d4c_training/replicate_6/model_0/best.pt are saved under the column name ending with 'model_6'
2026-08-10T16:08:01 - INFO:chemprop.cli.predict - Results from model path /users/rmb20171/Deep4Chem/results/chemprop_modern/modern_d4c_training/replicate_7/model_0/best.pt are saved under the column name ending with 'model_7'
2026-08-10T16:08:01 - INFO:chemprop.cli.predict - Results from model path /users/rmb20171/Deep4Chem/results/chemprop_modern/modern_d4c_training/replicate_8/model_0/best.pt are saved under the column name ending with 'model_8'
2026-08-10T16:08:01 - INFO:chemprop.cli.predict - Results from model path /users/rmb20171/Deep4Chem/results/chemprop_modern/modern_d4c_training/replicate_9/model_0/best.pt are saved under the column name ending with 'model_9'
chemprop predict --test-path d4c_test.csv --model-paths /users/rmb20171/Deep4Chem/results/chemprop_modern/modern_d4c_training/replicate_0/model_0/best.pt /users/rmb20171/Deep4Chem/results/chemprop_modern/modern_d4c_training/replicate_1/model_0/best.pt /users/rmb20171/Deep4Chem/results/chemprop_modern/modern_d4c_training/replicate_2/model_0/best.pt /users/rmb20171/Deep4Chem/results/chemprop_modern/modern_d4c_training/replicate_3/model_0/best.pt /users/rmb20171/Deep4Chem/results/chemprop_modern/modern_d4c_training/replicate_4/model_0/best.pt /users/rmb20171/Deep4Chem/results/chemprop_modern/modern_d4c_training/replicate_5/model_0/best.pt /users/rmb20171/Deep4Chem/results/chemprop_modern/modern_d4c_training/replicate_6/model_0/best.pt /users/rmb20171/Deep4Chem/results/chemprop_modern/modern_d4c_training/replicate_7/model_0/best.pt /users/rmb20171/Deep4Chem/results/chemprop_modern/modern_d4c_training/replicate_8/model_0/best.pt /users/rmb20171/Deep4Chem/results/chemprop_modern/modern_d4c_training/replicate_9/model_0/best.pt --smiles-columns Chromophore Solvent --num-workers 16 --preds-path ensemble_preds.csv
Predicting...
Finished
