Python location:
/users/rmb20171/miniconda3/envs/chemprop15/bin/python
Python 3.10.20
Environment:
chemprop15
Loading and preprocessing datasets...
Removing columns:
['Chrom_Ipc']
['Chrom_Ipc']
Initialising metric lists and model ...

Fold 0
Training...
Predicting...
Calculating metrics...
Analysing feature importance...

Fold 1
Training...
Predicting...
Calculating metrics...
Analysing feature importance...

Fold 2
Training...
Predicting...
Calculating metrics...
Analysing feature importance...

Fold 3
Training...
Predicting...
Calculating metrics...
Analysing feature importance...

Fold 4
Training...
Predicting...
Calculating metrics...
Analysing feature importance...

Fold 5
Training...
Predicting...
Calculating metrics...
Analysing feature importance...

Fold 6
Training...
Predicting...
Calculating metrics...
Analysing feature importance...

Fold 7
Training...
Predicting...
Calculating metrics...
Analysing feature importance...

Fold 8
Training...
Predicting...
Calculating metrics...
Analysing feature importance...

Fold 9
Training...
Predicting...
Calculating metrics...
Analysing feature importance...
                    Task  Mean rmse  ...  Fold 8 mae  Fold 9 mae
0    Absorption max (nm)  23.250409  ...   13.503968   11.950875
1  log(e/mol-1 dm3 cm-1)   0.241298  ...    0.148103    0.148819

[2 rows x 25 columns]
Generating averaged LightGBM model predictions...
      Absorption max (nm)  ...  Predicted log(e/mol-1 dm3 cm-1)
0                   294.0  ...                         3.706677
1                   294.0  ...                         3.691727
2                   295.0  ...                         3.748384
3                   294.0  ...                         3.976613
4                   315.0  ...                         3.817172
...                   ...  ...                              ...
2051                526.0  ...                         4.661041
2052                468.0  ...                         4.712157
2053                588.0  ...                         4.709678
2054                373.0  ...                         4.217433
2055                495.0  ...                         4.369446

[2056 rows x 4 columns]
Calculating ensemble metrics...
Generating average LightGBM model metrics summary...
                       Metric       Mean  Standard deviation
0    Absorption max (nm) RMSE  42.606060            1.016046
1  log(e/mol-1 dm3 cm-1) RMSE   0.370673            0.008148
2     Absorption max (nm) MAE  29.931630            0.508408
3   log(e/mol-1 dm3 cm-1) MAE   0.252830            0.004921
Analysing average feature importance for each target...
Finished
