Fold 0
Model 0 best validation rmse = 2.147279 on epoch 198
Model 0 test rmse = 9.960958
Model 0 test mae = 5.051870
Ensemble test rmse = 2.155373
Ensemble test mae = 1.094098
Fold 1
Model 0 best validation rmse = 1.970480 on epoch 150
Model 0 test rmse = 8.265189
Model 0 test mae = 4.640981
Ensemble test rmse = 2.040469
Ensemble test mae = 1.089745
Fold 2
Model 0 best validation rmse = 2.053598 on epoch 194
Model 0 test rmse = 10.151206
Model 0 test mae = 5.306006
Ensemble test rmse = 2.434407
Ensemble test mae = 1.194168
Fold 3
Model 0 best validation rmse = 1.895445 on epoch 189
Model 0 test rmse = 9.518615
Model 0 test mae = 5.171016
Ensemble test rmse = 2.109656
Ensemble test mae = 1.149053
Fold 4
Model 0 best validation rmse = 1.907044 on epoch 197
Model 0 test rmse = 10.418773
Model 0 test mae = 5.153890
Ensemble test rmse = 2.194539
Ensemble test mae = 1.108802
Fold 5
Model 0 best validation rmse = 2.051246 on epoch 147
Model 0 test rmse = 9.772580
Model 0 test mae = 5.489164
Ensemble test rmse = 2.236959
Ensemble test mae = 1.227195
Fold 6
Model 0 best validation rmse = 2.126118 on epoch 189
Model 0 test rmse = 9.277172
Model 0 test mae = 4.860992
Ensemble test rmse = 1.940480
Ensemble test mae = 1.096508
Fold 7
Model 0 best validation rmse = 2.247687 on epoch 196
Model 0 test rmse = 9.278983
Model 0 test mae = 4.829789
Ensemble test rmse = 1.963337
Ensemble test mae = 1.052815
Fold 8
Model 0 best validation rmse = 2.124830 on epoch 31
Model 0 test rmse = 20.602307
Model 0 test mae = 7.421079
Ensemble test rmse = 3.172741
Ensemble test mae = 1.462113
Fold 9
Model 0 best validation rmse = 1.814728 on epoch 179
Model 0 test rmse = 11.192582
Model 0 test mae = 5.215370
Ensemble test rmse = 2.288729
Ensemble test mae = 1.152131
10-fold cross validation
	Seed 0 ==> test rmse = 2.155373
	Seed 0 ==> test mae = 1.094098
	Seed 1 ==> test rmse = 2.040469
	Seed 1 ==> test mae = 1.089745
	Seed 2 ==> test rmse = 2.434407
	Seed 2 ==> test mae = 1.194168
	Seed 3 ==> test rmse = 2.109656
	Seed 3 ==> test mae = 1.149053
	Seed 4 ==> test rmse = 2.194539
	Seed 4 ==> test mae = 1.108802
	Seed 5 ==> test rmse = 2.236959
	Seed 5 ==> test mae = 1.227195
	Seed 6 ==> test rmse = 1.940480
	Seed 6 ==> test mae = 1.096508
	Seed 7 ==> test rmse = 1.963337
	Seed 7 ==> test mae = 1.052815
	Seed 8 ==> test rmse = 3.172741
	Seed 8 ==> test mae = 1.462113
	Seed 9 ==> test rmse = 2.288729
	Seed 9 ==> test mae = 1.152131
Overall test rmse = 2.253669 +/- 0.337728
Overall test mae = 1.162663 +/- 0.111573
Elapsed time = 4:06:10
