Fold 0
Fold 0
Fold 0
Fold 0
Model 0 best validation rmse = 2.790551 on epoch 8
Model 0 test rmse = 13.444534
Ensemble test rmse = 2.572627
Fold 1
Model 0 best validation rmse = 2.587596 on epoch 9
Model 0 test rmse = 13.944992
Ensemble test rmse = 2.756129
Fold 2
Model 0 best validation rmse = 2.604089 on epoch 9
Model 0 test rmse = 13.951785
Ensemble test rmse = 2.798855
Fold 3
Model 0 best validation rmse = 2.622260 on epoch 9
Model 0 test rmse = 12.833321
Ensemble test rmse = 2.699394
Fold 4
Model 0 best validation rmse = 2.501785 on epoch 9
Model 0 test rmse = 14.907762
Ensemble test rmse = 2.780285
Fold 5
Model 0 best validation rmse = 2.561400 on epoch 9
Model 0 test rmse = 13.478657
Ensemble test rmse = 2.670326
Fold 6
Model 0 best validation rmse = 2.638714 on epoch 9
Model 0 test rmse = 14.255954
Ensemble test rmse = 2.882225
Fold 7
Model 0 best validation rmse = 2.618023 on epoch 9
Model 0 test rmse = 14.335893
Ensemble test rmse = 2.672944
Fold 8
Model 0 best validation rmse = 2.920112 on epoch 9
Model 0 test rmse = 15.780416
Ensemble test rmse = 2.769861
Fold 9
Model 0 best validation rmse = 2.655704 on epoch 9
Model 0 test rmse = 12.527278
Ensemble test rmse = 2.548809
10-fold cross validation
	Seed 0 ==> test rmse = 2.572627
	Seed 1 ==> test rmse = 2.756129
	Seed 2 ==> test rmse = 2.798855
	Seed 3 ==> test rmse = 2.699394
	Seed 4 ==> test rmse = 2.780285
	Seed 5 ==> test rmse = 2.670326
	Seed 6 ==> test rmse = 2.882225
	Seed 7 ==> test rmse = 2.672944
	Seed 8 ==> test rmse = 2.769861
	Seed 9 ==> test rmse = 2.548809
Overall test rmse = 2.715145 +/- 0.097906
Elapsed time = 2 days, 2:47:30
